<?xml version="1.0" encoding="UTF-8"?>
<testsuites name="jest tests" tests="1" failures="0" errors="0" time="1.1">
  <testsuite name="Test sample lib" errors="0" failures="0" skipped="0" timestamp="2021-05-10T13:19:29" time="0.363" tests="1">
    <testcase classname="Test sample lib sample function" name="Test sample lib sample function" time="0.002">
    </testcase>
  </testsuite>
</testsuites>